â–¿ Optional<String>
  - some: "Encoding Failure"
