â–¿ Result<String, DataError>
  - success: "Saved Value to Defaults"
