â–¿ Result<String, DataError>
  - failure: DataError.encodingFailure
