- "-----BEGIN CERTIFICATE-----\nMIICiDCCAi+gAwIBAgIQdo5v0QBXHnji4hRaeeMjNDAKBggqhkjOPQQDAjBHMR8w\nHQYDVQQKExZsbmQgYXV0b2dlbmVyYXRlZCBjZXJ0MSQwIgYDVQQDExtKdXN0dXNz\nLU1hY0Jvb2stUHJvLTMubG9jYWwwHhcNMTgwODIzMDU1ODEwWhcNMTkxMDE4MDU1\nODEwWjBHMR8wHQYDVQQKExZsbmQgYXV0b2dlbmVyYXRlZCBjZXJ0MSQwIgYDVQQD\nExtKdXN0dXNzLU1hY0Jvb2stUHJvLTMubG9jYWwwWTATBgcqhkjOPQIBBggqhkiO\nPQMBBwNCAASFhRm+w/T10PoKtg4lm9hBNJjJD473fkzHwPUFwy91vTrQSf7543j2\nJrgFo8mbTV0VtpgqkfK1IMVKMLrF21xio4H8MIH5MA4GA1UdDwEB/wQEAwICpDAP\nBgNVHRMBAf8EBTADAQH/MIHVBgNVHREEgc0wgcqCG0p1c3R1c3MtTWFjQm9vay1Q\ncm8tMy5sb2NhbIIJbG9jYWxob3N0ggR1bml4ggp1bml4cGFja2V0hwR/AAABhxAA\nAAAAAAAAAAAAAAAAAAABhxD+gAAAAAAAAAAAAAAAAAABhxD+gAAAAAAAAAwlc9Zc\nk7bDhwTAqAEEhxD+gAAAAAAAABiNp//+GxXGhxD+gAAAAAAAAKWJ5tliDORjhwQK\nDwAChxD+gAAAAAAAAG6Wz//+3atFhxD92tDQyv4TAQAAAAAAABAAMAoGCCqGSM49\nBAMCA0cAMEQCIA9O9xtazmdxCKj0MfbFHVBq5I7JMnOFPpwRPJXQfrYaAiBd5NyJ\nQCwlSx5ECnPOH5sRpv26T8aUcXbmynx9CoDufA==\n-----END CERTIFICATE-----"
