- "AgEDbG5kArsBAwoQ3/I9f6kgSE6aUPd85lWpOBIBMBoWCgdhZGRyZXNzEgRyZWFkEgV3cml0ZRoTCgRpbmZvEgRyZWFkEgV32ml0ZRoXCghpbnZvaWNlcxIEcmVhZBIFd3JpdGUaFgoHbWVzc2FnZRIEcmVhZBIFd3JpdGUaFwoIb2ZmY2hhaW4SBHJlYWQSBXdyaXRlGhYKB29uY2hhaW4SBHJlYWQSBXdyaXRlGhQKBXBlZXJzEgRyZWFkEgV3cml0ZQAABiAiUTBv3Eh6iDbdjmXCfNxp4HBEcOYNzXhrm/ncLHf5jA=="
