â–¿ AddInvoiceViewModelOutput
  - alertErrorMessage: "Invoice Failure"
  - alertNeeded: true
  - amountTextFieldOutput: ""
  - copyButtonHidden: true
  - invoiceLabel: ""
  - invoiceLabelHidden: true
  - memoTextFieldOutput: ""
