â–¿ Info
  - alias: "No alias"
  - bestHeaderTimestamp: 2018-05-04T18:40:21Z
  - blockHash: "No blockHash"
  - blockHeight: 0
  - chainsArray: "No chainz"
  - identityPubkey: "No identityPubkey"
  - network: "Testnetwork"
  - numActiveChannels: 0
  - numPeers: 0
  - numPendingChannels: 0
  - syncedToChain: false
  - testnet: true
  - urisArray: 0 elements
  - version: "No version"
